******************************************************************************
                  TI ARM Linker PC v20.2.4                     
******************************************************************************
>> Linked Thu May 13 17:00:31 2021

OUTPUT FILE NAME:   <001_toggle_led.out>
ENTRY POINT SYMBOL: "_c_int00_noargs"  address: 00000bb9


MEMORY CONFIGURATION

         name            origin    length      used     unused   attr    fill
----------------------  --------  ---------  --------  --------  ----  --------
  FLASH                 00000000   00040000  00000eb0  0003f150  R  X
  SRAM                  20000000   00008000  0000021c  00007de4  RW X


SEGMENT ALLOCATION MAP

run origin  load origin   length   init length attrs members
----------  ----------- ---------- ----------- ----- -------
00000000    00000000    00000eb0   00000eb0    r-x
  00000000    00000000    0000026c   0000026c    r-- .intvecs
  0000026c    0000026c    00000b04   00000b04    r-x .text
  00000d70    00000d70    00000110   00000110    r-- .const
  00000e80    00000e80    00000030   00000030    r-- .cinit
20000000    20000000    0000021c   00000000    rw-
  20000000    20000000    00000200   00000000    rw- .stack
  20000200    20000200    0000001c   00000000    rw- .data


SECTION ALLOCATION MAP

 output                                  attributes/
section   page    origin      length       input sections
--------  ----  ----------  ----------   ----------------
.intvecs   0    00000000    0000026c     
                  00000000    0000026c     tm4c123gh6pm_startup_ccs.obj (.intvecs)

.text      0    0000026c    00000b04     
                  0000026c    00000234     HCSR04.obj (.text)
                  000004a0    0000016c     driverlib.lib : gpio.obj (.text:GPIOPadConfigSet)
                  0000060c    00000118                   : sysctl.obj (.text:SysCtlClockGet)
                  00000724    000000f4                   : sysctl.obj (.text:SysCtlClockSet)
                  00000818    0000009c     rtsv7M4_T_le_v4SPD16_eabi.lib : memcpy_t2.asm.obj (.text)
                  000008b4    0000006e                                   : ltoa.c.obj (.text:ltoa)
                  00000922    00000002     --HOLE-- [fill = 0]
                  00000924    00000068     driverlib.lib : interrupt.obj (.text:IntEnable)
                  0000098c    00000068     rtsv7M4_T_le_v4SPD16_eabi.lib : copy_decompress_lzss.c.obj (.text:decompress:lzss:__TI_decompress_lzss)
                  000009f4    00000060     driverlib.lib : timer.obj (.text:TimerConfigure)
                  00000a54    00000058                   : gpio.obj (.text:GPIOIntTypeSet)
                  00000aac    0000004c                   : gpio.obj (.text:GPIOPinConfigure)
                  00000af8    00000046                   : uart.obj (.text:UARTConfigSetExpClk)
                  00000b3e    00000002     --HOLE-- [fill = 0]
                  00000b40    00000044     rtsv7M4_T_le_v4SPD16_eabi.lib : autoinit.c.obj (.text:__TI_auto_init_nobinit_nopinit:__TI_auto_init_nobinit_nopinit)
                  00000b84    00000034     driverlib.lib : sysctl.obj (.text:SysCtlPeripheralEnable)
                  00000bb8    00000034     rtsv7M4_T_le_v4SPD16_eabi.lib : boot_cortex_m.c.obj (.text:_c_int00_noargs:_c_int00_noargs)
                  00000bec    0000002c     driverlib.lib : gpio.obj (.text:GPIODirModeSet)
                  00000c18    00000020                   : uart.obj (.text:UARTDisable)
                  00000c38    0000001a                   : gpio.obj (.text:GPIOPinTypeGPIOOutput)
                  00000c52    00000002     --HOLE-- [fill = 0]
                  00000c54    00000018                   : timer.obj (.text:TimerDisable)
                  00000c6c    00000016                   : gpio.obj (.text:GPIOPinTypeGPIOInput)
                  00000c82    00000016                   : gpio.obj (.text:GPIOPinTypeUART)
                  00000c98    00000014                   : uart.obj (.text:UARTEnable)
                  00000cac    00000014     rtsv7M4_T_le_v4SPD16_eabi.lib : strcpy.c.obj (.text:strcpy)
                  00000cc0    00000012     driverlib.lib : timer.obj (.text:TimerLoadSet)
                  00000cd2    00000010                   : interrupt.obj (.text:IntMasterEnable)
                  00000ce2    0000000e                   : timer.obj (.text:TimerEnable)
                  00000cf0    0000000e                   : uart.obj (.text:UARTCharPutNonBlocking)
                  00000cfe    0000000e     rtsv7M4_T_le_v4SPD16_eabi.lib : copy_decompress_none.c.obj (.text:decompress:none:__TI_decompress_none)
                  00000d0c    0000000c     driverlib.lib : cpu.obj (.text:CPUcpsie)
                  00000d18    0000000c                   : gpio.obj (.text:GPIOIntEnable)
                  00000d24    0000000c     tm4c123gh6pm_startup_ccs.obj (.text)
                  00000d30    0000000a     driverlib.lib : timer.obj (.text:TimerValueGet)
                  00000d3a    0000000a                   : uart.obj (.text:UARTCharPut)
                  00000d44    00000008                   : timer.obj (.text:TimerIntEnable)
                  00000d4c    00000006                   : gpio.obj (.text:GPIOIntClear)
                  00000d52    00000006                   : gpio.obj (.text:GPIOPinRead)
                  00000d58    00000006                   : gpio.obj (.text:GPIOPinWrite)
                  00000d5e    00000006                   : sysctl.obj (.text:SysCtlDelay)
                  00000d64    00000004                   : timer.obj (.text:TimerIntClear)
                  00000d68    00000004     rtsv7M4_T_le_v4SPD16_eabi.lib : pre_init.c.obj (.text:_system_pre_init)
                  00000d6c    00000004                                   : exit.c.obj (.text:abort:abort)

.const     0    00000d70    00000110     
                  00000d70    00000090     driverlib.lib : gpio.obj (.const:g_pui32GPIOBaseAddrs)
                  00000e00    0000006c                   : sysctl.obj (.const:g_pui32Xtals)
                  00000e6c    00000014                   : interrupt.obj (.const:g_pui32EnRegs)

.cinit     0    00000e80    00000030     
                  00000e80    0000001d     (.cinit..data.load) [load image, compression = lzss]
                  00000e9d    00000003     --HOLE-- [fill = 0]
                  00000ea0    00000008     (__TI_handler_table)
                  00000ea8    00000008     (__TI_cinit_table)

.init_array 
*          0    00000000    00000000     UNINITIALIZED

.data      0    20000200    0000001c     UNINITIALIZED
                  20000200    0000000d     HCSR04.obj (.data:ui8WelcomeText)
                  2000020d    00000003     --HOLE--
                  20000210    0000000c     HCSR04.obj (.data)

.stack     0    20000000    00000200     UNINITIALIZED
                  20000000    00000004     rtsv7M4_T_le_v4SPD16_eabi.lib : boot_cortex_m.c.obj (.stack)
                  20000004    000001fc     --HOLE--

__llvm_prf_cnts 
*          0    20000000    00000000     UNINITIALIZED

MODULE SUMMARY

       Module                         code   ro data   rw data
       ------                         ----   -------   -------
    .\
       tm4c123gh6pm_startup_ccs.obj   12     620       0      
    +--+------------------------------+------+---------+---------+
       Total:                         12     620       0      
                                                              
    .\souce\
       HCSR04.obj                     564    0         25     
    +--+------------------------------+------+---------+---------+
       Total:                         564    0         25     
                                                              
    C:/ti/TivaWare_C_Series-2.2.0.295/driverlib/ccs/Debug/driverlib.lib
       gpio.obj                       672    144       0      
       sysctl.obj                     582    108       0      
       timer.obj                      174    0         0      
       uart.obj                       146    0         0      
       interrupt.obj                  120    20        0      
       cpu.obj                        12     0         0      
    +--+------------------------------+------+---------+---------+
       Total:                         1706   272       0      
                                                              
    C:\ti\ccs1020\ccs\tools\compiler\ti-cgt-arm_20.2.4.LTS\lib\rtsv7M4_T_le_v4SPD16_eabi.lib
       memcpy_t2.asm.obj              156    0         0      
       ltoa.c.obj                     110    0         0      
       copy_decompress_lzss.c.obj     104    0         0      
       autoinit.c.obj                 68     0         0      
       boot_cortex_m.c.obj            52     0         0      
       strcpy.c.obj                   20     0         0      
       copy_decompress_none.c.obj     14     0         0      
       exit.c.obj                     4      0         0      
       pre_init.c.obj                 4      0         0      
    +--+------------------------------+------+---------+---------+
       Total:                         532    0         0      
                                                              
       Stack:                         0      0         512    
       Linker Generated:              0      45        0      
    +--+------------------------------+------+---------+---------+
       Grand Total:                   2814   937       537    


LINKER GENERATED COPY TABLES

__TI_cinit_table @ 00000ea8 records: 1, size/record: 8, table size: 8
	.data: load addr=00000e80, load size=0000001d bytes, run addr=20000200, run size=0000001c bytes, compression=lzss


LINKER GENERATED HANDLER TABLE

__TI_handler_table @ 00000ea0 records: 2, size/record: 4, table size: 8
	index: 0, handler: __TI_decompress_lzss
	index: 1, handler: __TI_decompress_none


GLOBAL SYMBOLS: SORTED ALPHABETICALLY BY Name 

address   name                          
-------   ----                          
00000d6d  C$$EXIT                       
00000d0d  CPUcpsie                      
00000bed  GPIODirModeSet                
00000d4d  GPIOIntClear                  
00000d19  GPIOIntEnable                 
00000a55  GPIOIntTypeSet                
000004a1  GPIOPadConfigSet              
00000aad  GPIOPinConfigure              
00000d53  GPIOPinRead                   
00000c6d  GPIOPinTypeGPIOInput          
00000c39  GPIOPinTypeGPIOOutput         
00000c83  GPIOPinTypeUART               
00000d59  GPIOPinWrite                  
00000925  IntEnable                     
00000cd3  IntMasterEnable               
000003ab  PortAIntHandler               
00000d25  ResetISR                      
0000060d  SysCtlClockGet                
00000725  SysCtlClockSet                
00000d5f  SysCtlDelay                   
00000b85  SysCtlPeripheralEnable        
0000038b  Timer0IntHandler              
000009f5  TimerConfigure                
00000c55  TimerDisable                  
00000ce3  TimerEnable                   
00000d65  TimerIntClear                 
00000d45  TimerIntEnable                
00000cc1  TimerLoadSet                  
00000d31  TimerValueGet                 
00000d3b  UARTCharPut                   
00000cf1  UARTCharPutNonBlocking        
00000af9  UARTConfigSetExpClk           
00000c19  UARTDisable                   
00000c99  UARTEnable                    
20000200  __STACK_END                   
00000200  __STACK_SIZE                  
20000200  __STACK_TOP                   
00000ea8  __TI_CINIT_Base               
00000eb0  __TI_CINIT_Limit              
00000ea0  __TI_Handler_Table_Base       
00000ea8  __TI_Handler_Table_Limit      
00000b41  __TI_auto_init_nobinit_nopinit
0000098d  __TI_decompress_lzss          
00000cff  __TI_decompress_none          
ffffffff  __TI_pprof_out_hndl           
ffffffff  __TI_prof_data_size           
ffffffff  __TI_prof_data_start          
00000000  __TI_static_base__            
00000819  __aeabi_memcpy                
00000819  __aeabi_memcpy4               
00000819  __aeabi_memcpy8               
ffffffff  __binit__                     
ffffffff  __c_args__                    
UNDEFED   __mpu_init                    
20000000  __stack                       
20000000  __start___llvm_prf_cnts       
20000000  __stop___llvm_prf_cnts        
00000bb9  _c_int00_noargs               
UNDEFED   _system_post_cinit            
00000d69  _system_pre_init              
00000d6d  abort                         
ffffffff  binit                         
20000210  boolTrigCondition             
00000000  g_pfnVectors                  
000008b5  ltoa                          
0000026d  main                          
00000819  memcpy                        
00000cad  strcpy                        
20000214  ui32EchoDuration              
20000218  ui32ObstacleDist              
20000200  ui8WelcomeText                


GLOBAL SYMBOLS: SORTED BY Symbol Address 

address   name                          
-------   ----                          
00000000  __TI_static_base__            
00000000  g_pfnVectors                  
00000200  __STACK_SIZE                  
0000026d  main                          
0000038b  Timer0IntHandler              
000003ab  PortAIntHandler               
000004a1  GPIOPadConfigSet              
0000060d  SysCtlClockGet                
00000725  SysCtlClockSet                
00000819  __aeabi_memcpy                
00000819  __aeabi_memcpy4               
00000819  __aeabi_memcpy8               
00000819  memcpy                        
000008b5  ltoa                          
00000925  IntEnable                     
0000098d  __TI_decompress_lzss          
000009f5  TimerConfigure                
00000a55  GPIOIntTypeSet                
00000aad  GPIOPinConfigure              
00000af9  UARTConfigSetExpClk           
00000b41  __TI_auto_init_nobinit_nopinit
00000b85  SysCtlPeripheralEnable        
00000bb9  _c_int00_noargs               
00000bed  GPIODirModeSet                
00000c19  UARTDisable                   
00000c39  GPIOPinTypeGPIOOutput         
00000c55  TimerDisable                  
00000c6d  GPIOPinTypeGPIOInput          
00000c83  GPIOPinTypeUART               
00000c99  UARTEnable                    
00000cad  strcpy                        
00000cc1  TimerLoadSet                  
00000cd3  IntMasterEnable               
00000ce3  TimerEnable                   
00000cf1  UARTCharPutNonBlocking        
00000cff  __TI_decompress_none          
00000d0d  CPUcpsie                      
00000d19  GPIOIntEnable                 
00000d25  ResetISR                      
00000d31  TimerValueGet                 
00000d3b  UARTCharPut                   
00000d45  TimerIntEnable                
00000d4d  GPIOIntClear                  
00000d53  GPIOPinRead                   
00000d59  GPIOPinWrite                  
00000d5f  SysCtlDelay                   
00000d65  TimerIntClear                 
00000d69  _system_pre_init              
00000d6d  C$$EXIT                       
00000d6d  abort                         
00000ea0  __TI_Handler_Table_Base       
00000ea8  __TI_CINIT_Base               
00000ea8  __TI_Handler_Table_Limit      
00000eb0  __TI_CINIT_Limit              
20000000  __stack                       
20000000  __start___llvm_prf_cnts       
20000000  __stop___llvm_prf_cnts        
20000200  __STACK_END                   
20000200  __STACK_TOP                   
20000200  ui8WelcomeText                
20000210  boolTrigCondition             
20000214  ui32EchoDuration              
20000218  ui32ObstacleDist              
ffffffff  __TI_pprof_out_hndl           
ffffffff  __TI_prof_data_size           
ffffffff  __TI_prof_data_start          
ffffffff  __binit__                     
ffffffff  __c_args__                    
ffffffff  binit                         
UNDEFED   __mpu_init                    
UNDEFED   _system_post_cinit            

[71 symbols]
