******************************************************************************
                  TI ARM Linker PC v20.2.4                     
******************************************************************************
>> Linked Fri May 21 00:35:01 2021

OUTPUT FILE NAME:   <001_toggle_led.out>
ENTRY POINT SYMBOL: "_c_int00_noargs"  address: 0000089d


MEMORY CONFIGURATION

         name            origin    length      used     unused   attr    fill
----------------------  --------  ---------  --------  --------  ----  --------
  FLASH                 00000000   00040000  00000b0c  0003f4f4  R  X
  SRAM                  20000000   00008000  0000046c  00007b94  RW X


SEGMENT ALLOCATION MAP

run origin  load origin   length   init length attrs members
----------  ----------- ---------- ----------- ----- -------
00000000    00000000    00000b0c   00000b0c    r-x
  00000000    00000000    0000026c   0000026c    r-- .intvecs
  0000026c    0000026c    00000770   00000770    r-x .text
  000009dc    000009dc    0000011c   0000011c    r-- .const
  00000af8    00000af8    00000014   00000014    r-- .cinit
20000000    20000000    00000470   00000000    rw-
  20000000    20000000    0000026c   00000000    rw- .vtable
  20000270    20000270    00000200   00000000    rw- .stack


SECTION ALLOCATION MAP

 output                                  attributes/
section   page    origin      length       input sections
--------  ----  ----------  ----------   ----------------
.intvecs   0    00000000    0000026c     
                  00000000    0000026c     tm4c123gh6pm_startup_ccs.obj (.intvecs)

.text      0    0000026c    00000770     
                  0000026c    0000016c     driverlib.lib : gpio.obj (.text:GPIOPadConfigSet)
                  000003d8    00000118                   : sysctl.obj (.text:SysCtlClockGet)
                  000004f0    000000f4                   : sysctl.obj (.text:SysCtlClockSet)
                  000005e4    000000ec     main.obj (.text)
                  000006d0    00000068     driverlib.lib : interrupt.obj (.text:IntEnable)
                  00000738    00000060                   : timer.obj (.text:TimerConfigure)
                  00000798    00000058                   : gpio.obj (.text:GPIOIntTypeSet)
                  000007f0    00000044     rtsv7M4_T_le_v4SPD16_eabi.lib : autoinit.c.obj (.text:__TI_auto_init_nobinit_nopinit:__TI_auto_init_nobinit_nopinit)
                  00000834    00000034     driverlib.lib : interrupt.obj (.text:IntRegister)
                  00000868    00000034                   : sysctl.obj (.text:SysCtlPeripheralEnable)
                  0000089c    00000034     rtsv7M4_T_le_v4SPD16_eabi.lib : boot_cortex_m.c.obj (.text:_c_int00_noargs:_c_int00_noargs)
                  000008d0    0000002c     driverlib.lib : gpio.obj (.text:GPIODirModeSet)
                  000008fc    00000024                   : interrupt.obj (.text:IntPrioritySet)
                  00000920    0000001c     rtsv7M4_T_le_v4SPD16_eabi.lib : copy_zero_init.c.obj (.text:decompress:ZI:__TI_zero_init_nomemset:__TI_zero_init_nomemset)
                  0000093c    0000001a     driverlib.lib : gpio.obj (.text:GPIOPinTypeGPIOOutput)
                  00000956    00000016                   : gpio.obj (.text:GPIOPinTypeGPIOInput)
                  0000096c    00000012                   : timer.obj (.text:TimerLoadSet)
                  0000097e    00000010                   : interrupt.obj (.text:IntMasterEnable)
                  0000098e    0000000e                   : timer.obj (.text:TimerEnable)
                  0000099c    0000000c                   : cpu.obj (.text:CPUcpsie)
                  000009a8    0000000c                   : gpio.obj (.text:GPIOIntEnable)
                  000009b4    0000000c     tm4c123gh6pm_startup_ccs.obj (.text)
                  000009c0    00000008     driverlib.lib : timer.obj (.text:TimerIntEnable)
                  000009c8    00000006                   : gpio.obj (.text:GPIOPinWrite)
                  000009ce    00000006                   : sysctl.obj (.text:SysCtlDelay)
                  000009d4    00000004     rtsv7M4_T_le_v4SPD16_eabi.lib : pre_init.c.obj (.text:_system_pre_init)
                  000009d8    00000004                                   : exit.c.obj (.text:abort:abort)

.const     0    000009dc    0000011c     
                  000009dc    0000009c     driverlib.lib : interrupt.obj (.const:g_pui32Regs)
                  00000a78    0000006c                   : sysctl.obj (.const:g_pui32Xtals)
                  00000ae4    00000014                   : interrupt.obj (.const:g_pui32EnRegs)

.cinit     0    00000af8    00000014     
                  00000af8    00000008     (.cinit..vtable.load) [load image, compression = zero_init]
                  00000b00    00000004     (__TI_handler_table)
                  00000b04    00000008     (__TI_cinit_table)

.init_array 
*          0    00000000    00000000     UNINITIALIZED

.vtable    0    20000000    0000026c     UNINITIALIZED
                  20000000    0000026c     driverlib.lib : interrupt.obj (.vtable)

.stack     0    20000270    00000200     UNINITIALIZED
                  20000270    00000004     rtsv7M4_T_le_v4SPD16_eabi.lib : boot_cortex_m.c.obj (.stack)
                  20000274    000001fc     --HOLE--

__llvm_prf_cnts 
*          0    20000000    00000000     UNINITIALIZED

MODULE SUMMARY

       Module                         code   ro data   rw data
       ------                         ----   -------   -------
    .\
       tm4c123gh6pm_startup_ccs.obj   12     620       0      
    +--+------------------------------+------+---------+---------+
       Total:                         12     620       0      
                                                              
    .\souce\
       main.obj                       236    0         0      
    +--+------------------------------+------+---------+---------+
       Total:                         236    0         0      
                                                              
    C:/ti/TivaWare_C_Series-2.2.0.295/driverlib/ccs/Debug/driverlib.lib
       interrupt.obj                  208    176       620    
       sysctl.obj                     582    108       0      
       gpio.obj                       562    0         0      
       timer.obj                      136    0         0      
       cpu.obj                        12     0         0      
    +--+------------------------------+------+---------+---------+
       Total:                         1500   284       620    
                                                              
    C:\ti\ccs1020\ccs\tools\compiler\ti-cgt-arm_20.2.4.LTS\lib\rtsv7M4_T_le_v4SPD16_eabi.lib
       autoinit.c.obj                 68     0         0      
       boot_cortex_m.c.obj            52     0         0      
       copy_zero_init.c.obj           28     0         0      
       exit.c.obj                     4      0         0      
       pre_init.c.obj                 4      0         0      
    +--+------------------------------+------+---------+---------+
       Total:                         156    0         0      
                                                              
       Stack:                         0      0         512    
       Linker Generated:              0      20        0      
    +--+------------------------------+------+---------+---------+
       Grand Total:                   1904   924       1132   


LINKER GENERATED COPY TABLES

__TI_cinit_table @ 00000b04 records: 1, size/record: 8, table size: 8
	.vtable: load addr=00000af8, load size=00000008 bytes, run addr=20000000, run size=0000026c bytes, compression=zero_init


LINKER GENERATED HANDLER TABLE

__TI_handler_table @ 00000b00 records: 1, size/record: 4, table size: 4
	index: 0, handler: __TI_zero_init


GLOBAL SYMBOLS: SORTED ALPHABETICALLY BY Name 

address   name                          
-------   ----                          
000009d9  C$$EXIT                       
0000099d  CPUcpsie                      
000008d1  GPIODirModeSet                
000009a9  GPIOIntEnable                 
000005e5  GPIOIntHandler                
00000799  GPIOIntTypeSet                
0000026d  GPIOPadConfigSet              
00000957  GPIOPinTypeGPIOInput          
0000093d  GPIOPinTypeGPIOOutput         
000009c9  GPIOPinWrite                  
000006d1  IntEnable                     
0000097f  IntMasterEnable               
000008fd  IntPrioritySet                
00000835  IntRegister                   
000009b5  ResetISR                      
000003d9  SysCtlClockGet                
000004f1  SysCtlClockSet                
000009cf  SysCtlDelay                   
00000869  SysCtlPeripheralEnable        
000005e7  Timer0IntHandler              
00000739  TimerConfigure                
0000098f  TimerEnable                   
000009c1  TimerIntEnable                
0000096d  TimerLoadSet                  
20000470  __STACK_END                   
00000200  __STACK_SIZE                  
20000470  __STACK_TOP                   
00000b04  __TI_CINIT_Base               
00000b0c  __TI_CINIT_Limit              
00000b00  __TI_Handler_Table_Base       
00000b04  __TI_Handler_Table_Limit      
000007f1  __TI_auto_init_nobinit_nopinit
ffffffff  __TI_pprof_out_hndl           
ffffffff  __TI_prof_data_size           
ffffffff  __TI_prof_data_start          
00000000  __TI_static_base__            
00000921  __TI_zero_init_nomemset       
ffffffff  __binit__                     
ffffffff  __c_args__                    
UNDEFED   __mpu_init                    
20000270  __stack                       
20000000  __start___llvm_prf_cnts       
20000000  __stop___llvm_prf_cnts        
0000089d  _c_int00_noargs               
UNDEFED   _system_post_cinit            
000009d5  _system_pre_init              
000009d9  abort                         
ffffffff  binit                         
20000000  g_pfnRAMVectors               
00000000  g_pfnVectors                  
000005f7  main                          


GLOBAL SYMBOLS: SORTED BY Symbol Address 

address   name                          
-------   ----                          
00000000  __TI_static_base__            
00000000  g_pfnVectors                  
00000200  __STACK_SIZE                  
0000026d  GPIOPadConfigSet              
000003d9  SysCtlClockGet                
000004f1  SysCtlClockSet                
000005e5  GPIOIntHandler                
000005e7  Timer0IntHandler              
000005f7  main                          
000006d1  IntEnable                     
00000739  TimerConfigure                
00000799  GPIOIntTypeSet                
000007f1  __TI_auto_init_nobinit_nopinit
00000835  IntRegister                   
00000869  SysCtlPeripheralEnable        
0000089d  _c_int00_noargs               
000008d1  GPIODirModeSet                
000008fd  IntPrioritySet                
00000921  __TI_zero_init_nomemset       
0000093d  GPIOPinTypeGPIOOutput         
00000957  GPIOPinTypeGPIOInput          
0000096d  TimerLoadSet                  
0000097f  IntMasterEnable               
0000098f  TimerEnable                   
0000099d  CPUcpsie                      
000009a9  GPIOIntEnable                 
000009b5  ResetISR                      
000009c1  TimerIntEnable                
000009c9  GPIOPinWrite                  
000009cf  SysCtlDelay                   
000009d5  _system_pre_init              
000009d9  C$$EXIT                       
000009d9  abort                         
00000b00  __TI_Handler_Table_Base       
00000b04  __TI_CINIT_Base               
00000b04  __TI_Handler_Table_Limit      
00000b0c  __TI_CINIT_Limit              
20000000  __start___llvm_prf_cnts       
20000000  __stop___llvm_prf_cnts        
20000000  g_pfnRAMVectors               
20000270  __stack                       
20000470  __STACK_END                   
20000470  __STACK_TOP                   
ffffffff  __TI_pprof_out_hndl           
ffffffff  __TI_prof_data_size           
ffffffff  __TI_prof_data_start          
ffffffff  __binit__                     
ffffffff  __c_args__                    
ffffffff  binit                         
UNDEFED   __mpu_init                    
UNDEFED   _system_post_cinit            

[51 symbols]
